[revelandotudoavr.com/itauinicio/index.html]
[backblue.gif]
[fade.gif]
[index.html]
[revelandotudoavr.com/itauinicio/index_1.html]
[revelandotudoavr.com/itauinicio/css/XTnLpmMt11At.css]
[revelandotudoavr.com/itauinicio/css/nCppucHEu089.css]
[revelandotudoavr.com/itauinicio/css/Ni3PyIikvbi1.css]
[revelandotudoavr.com/itauinicio/css/pUsjAtdTSwci.css]
[revelandotudoavr.com/itauinicio/css/olxOqp0EqJcx.css]
[revelandotudoavr.com/itauinicio/css/IsWY70CMjxAQ.css]
[revelandotudoavr.com/itauinicio/css/kzNsPPt5zCyT.css]
[revelandotudoavr.com/itauinicio/images/hLk8YZ6XVpuL.png]
[revelandotudoavr.com/itauinicio/images/tC4h11BAPGdF.jpg]
[revelandotudoavr.com/itauinicio/images/w79xmmiblR4S.jpg]
[revelandotudoavr.com/itauinicio/images/4XUavhcsE9zC.jpg]
[revelandotudoavr.com/itauinicio/js/e9UDEtXoF8DL.js]
[revelandotudoavr.com/itauinicio/images/yHFINZKVNRZH.png]
[revelandotudoavr.com/itauinicio/images/8kyadxosH0X1.png]
[revelandotudoavr.com/itauinicio/images/xHbG1gCReGve.png]
[revelandotudoavr.com/itauinicio/images/pVnib0IkWWNz.png]
[revelandotudoavr.com/itauinicio/images/3xen9pMmUQHb.png]
[revelandotudoavr.com/itauinicio/images/30VKK8dNQUZg.png]
[revelandotudoavr.com/itauinicio/images/a4pmctcwLBAG.png]
[revelandotudoavr.com/itauinicio/images/3JTS3gqB8XSM.png]
[revelandotudoavr.com/itauinicio/images/iNdUOl3ZXfZA.png]
[revelandotudoavr.com/itauinicio/images/k2FZk4CI7Ypk.png]
[revelandotudoavr.com/itauinicio/images/nKJfcFBzy0cq.png]
[revelandotudoavr.com/itauinicio/images/AhZ2O3yrNZKH.png]
[revelandotudoavr.com/itauinicio/images/3VUEworcIacR.png]
[revelandotudoavr.com/itauinicio/images/LltXhEbzagQd.png]
[revelandotudoavr.com/itauinicio/js/nysLD5vqNmfD.js]
[revelandotudoavr.com/itauinicio/js/1DzrKkioxxdu.js]
[revelandotudoavr.com/itauinicio/js/n0MUdOVadKSd.js]
[revelandotudoavr.com/itauinicio/js/Wv02ztyROcfl.js]
[revelandotudoavr.com/itauinicio/js/esgY98mOhRXh.js]
[revelandotudoavr.com/itauinicio/js/FBOm6At9VM3F.js]
[revelandotudoavr.com/itauinicio/js/8K0CQrH9U8n9.js]
[revelandotudoavr.com/itauinicio/js/0GdRFZ9jmqbM.js]
[revelandotudoavr.com/itauinicio/js/o0cJ9bfq7S5t.js]
[revelandotudoavr.com/itauinicio/js/tmZfPVY23Mcv.js]
[revelandotudoavr.com/itauinicio/js/jvH5c8pf6VDr.js]
[revelandotudoavr.com/itauinicio/js/UVZd8dZwsazW.js]
[revelandotudoavr.com/itauinicio/js/JLgd3shPQbO7.js]
[revelandotudoavr.com/itauinicio/js/I6PTPnLiQg6R.js]
[revelandotudoavr.com/itauinicio/js/XXSdBRZPCH4p.js]
[revelandotudoavr.com/itauinicio/js/dL5f1IjqyoYI.js]
[revelandotudoavr.com/itauinicio/index.html]
[revelandotudoavr.com/itauinicio/js/7hgExgE2RYJ6.js]
[revelandotudoavr.com/itauinicio/css/cP7Eoh3raxTB.css]
[revelandotudoavr.com/itauinicio/css/62jq2owiy3W0.css]
[revelandotudoavr.com/itauinicio/images/eJZo9d3PAtCj.png]
[revelandotudoavr.com/itauinicio/index_1.html]
[revelandotudoavr.com/itauinicio/fonts/WYRmjND0js42.eot]
[revelandotudoavr.com/itauinicio/fonts/I3bdewqavulN.woff2]
[revelandotudoavr.com/itauinicio/fonts/eaGYwyDcZBoX.woff]
[revelandotudoavr.com/itauinicio/fonts/8ThFoKUGEyzc.ttf]
[revelandotudoavr.com/itauinicio/images/6gLYSW7HUUXF.svg]
[revelandotudoavr.com/itauinicio/css/XTnLpmMt11At.css]
[revelandotudoavr.com/itauinicio/css/nCppucHEu089.css]
[revelandotudoavr.com/itauinicio/css/Ni3PyIikvbi1.css]
[revelandotudoavr.com/itauinicio/css/pUsjAtdTSwci.css]
[revelandotudoavr.com/itauinicio/css/olxOqp0EqJcx.css]
[revelandotudoavr.com/itauinicio/css/IsWY70CMjxAQ.css]
[revelandotudoavr.com/itauinicio/css/kzNsPPt5zCyT.css]
[revelandotudoavr.com/itauinicio/giItT1WQy@!-/index.html]
[revelandotudoavr.com/itauinicio/js/e9UDEtXoF8DL.js]
[revelandotudoavr.com/itauinicio/js/nysLD5vqNmfD.js]
[revelandotudoavr.com/itauinicio/js/1DzrKkioxxdu.js]
[revelandotudoavr.com/itauinicio/js/n0MUdOVadKSd.js]
[revelandotudoavr.com/itauinicio/js/Wv02ztyROcfl.js]
[revelandotudoavr.com/itauinicio/js/esgY98mOhRXh.js]
[revelandotudoavr.com/itauinicio/js/FBOm6At9VM3F.js]
[revelandotudoavr.com/itauinicio/js/8K0CQrH9U8n9.js]
[revelandotudoavr.com/itauinicio/js/0GdRFZ9jmqbM.js]
[revelandotudoavr.com/itauinicio/js/o0cJ9bfq7S5t.js]
[revelandotudoavr.com/itauinicio/js/tmZfPVY23Mcv.js]
[revelandotudoavr.com/itauinicio/js/jvH5c8pf6VDr.js]
[revelandotudoavr.com/itauinicio/js/UVZd8dZwsazW.js]
[revelandotudoavr.com/itauinicio/js/JLgd3shPQbO7.js]
[revelandotudoavr.com/itauinicio/js/I6PTPnLiQg6R.js]
[revelandotudoavr.com/itauinicio/js/XXSdBRZPCH4p.js]
[revelandotudoavr.com/itauinicio/js/dL5f1IjqyoYI.js]
[revelandotudoavr.com/itauinicio/js/7hgExgE2RYJ6.js]
[revelandotudoavr.com/itauinicio/css/cP7Eoh3raxTB.css]
[revelandotudoavr.com/itauinicio/fonts/D8j9dQEYXBhD.eot]
[revelandotudoavr.com/itauinicio/fonts/tRQHAvwNw551.woff2]
[revelandotudoavr.com/itauinicio/fonts/YiWDH7c42GLX.woff]
[revelandotudoavr.com/itauinicio/fonts/SxDnRjEWuMm7.ttf]
[revelandotudoavr.com/itauinicio/images/fsWRx1zziFoj.svg]
[revelandotudoavr.com/itauinicio/css/62jq2owiy3W0.css]
[revelandotudoavr.com/itauinicio/fonts/WYRmjND0js42.html]
[revelandotudoavr.com/itauinicio/fonts/I3bdewqavulN.html]
[revelandotudoavr.com/itauinicio/fonts/eaGYwyDcZBoX.html]
[revelandotudoavr.com/itauinicio/fonts/8ThFoKUGEyzc.html]
[revelandotudoavr.com/itauinicio/images/6gLYSW7HUUXF.html]
[revelandotudoavr.com/itauinicio/images/index.html]
[revelandotudoavr.com/itauinicio/giItT1WQy@!-/index.html]
[revelandotudoavr.com/itauinicio/images/fsWRx1zziFoj.svg]
